one-file             {'st-no-conflict-copies': 0, 'st-retired-loser': 0, 'android-files-1y': 1, 'ff-nothing-lost': 1}
                     {'lost_versions': 0.0, 'conflict_copies': 29.5, 'race_overwrites': 0.0, 'written_MB_per_day': 907.089, 'sent_MB_per_day': 173.712, 'read_MB_per_day': 254.506, 'files': 30.5, 'join_MB': 7.933, 'rows': 33020.5, 'dataset_MB': 7.933, 'single_point_worst': 1.0, 'file_creates_per_day': 0.0, 'p95_delay_min': 12.05}
one-file+copies      {'st-no-conflict-copies': 0.5, 'st-retired-loser': 0, 'android-files-1y': 1, 'ff-nothing-lost': 1}
                     {'lost_versions': 0.0, 'conflict_copies': 29.5, 'race_overwrites': 0.0, 'written_MB_per_day': 905.4, 'sent_MB_per_day': 172.629, 'read_MB_per_day': 276.739, 'files': 1.0, 'join_MB': 7.933, 'rows': 33020.5, 'dataset_MB': 7.933, 'single_point_worst': 1.0, 'file_creates_per_day': 0.0, 'p95_delay_min': 11.5}
per-area             {'st-no-conflict-copies': 0, 'st-retired-loser': 0, 'android-files-1y': 1, 'ff-nothing-lost': 1}
                     {'lost_versions': 0.0, 'conflict_copies': 20.0, 'race_overwrites': 0.0, 'written_MB_per_day': 412.167, 'sent_MB_per_day': 87.156, 'read_MB_per_day': 154.29, 'files': 28.0, 'join_MB': 7.938, 'rows': 33035.0, 'dataset_MB': 7.938, 'single_point_worst': 1.0, 'file_creates_per_day': 0.0, 'p95_delay_min': 12.45}
per-area+copies      {'st-no-conflict-copies': 0.5, 'st-retired-loser': 0, 'android-files-1y': 1, 'ff-nothing-lost': 1}
                     {'lost_versions': 0.0, 'conflict_copies': 20.0, 'race_overwrites': 0.0, 'written_MB_per_day': 411.062, 'sent_MB_per_day': 86.836, 'read_MB_per_day': 161.365, 'files': 8.0, 'join_MB': 7.938, 'rows': 33035.0, 'dataset_MB': 7.938, 'single_point_worst': 1.0, 'file_creates_per_day': 0.0, 'p95_delay_min': 12.05}
per-row              {'st-no-conflict-copies': 0, 'st-retired-loser': 0, 'android-files-1y': 0, 'ff-nothing-lost': 1}
                     {'lost_versions': 0.0, 'conflict_copies': 1.0, 'race_overwrites': 0.0, 'written_MB_per_day': 0.063, 'sent_MB_per_day': 0.195, 'read_MB_per_day': 0.062, 'files': 33023.5, 'join_MB': 8.0, 'rows': 33022.5, 'dataset_MB': 7.934, 'single_point_worst': 1.0, 'file_creates_per_day': 0.0, 'p95_delay_min': 11.75}
per-row+copies       {'st-no-conflict-copies': 0.5, 'st-retired-loser': 0, 'android-files-1y': 0, 'ff-nothing-lost': 1}
                     {'lost_versions': 0.0, 'conflict_copies': 1.0, 'race_overwrites': 0.0, 'written_MB_per_day': 0.063, 'sent_MB_per_day': 0.195, 'read_MB_per_day': 0.062, 'files': 33022.5, 'join_MB': 8.0, 'rows': 33022.5, 'dataset_MB': 7.934, 'single_point_worst': 1.0, 'file_creates_per_day': 0.0, 'p95_delay_min': 11.7}
device-snapshot      {'st-no-conflict-copies': 1, 'st-retired-loser': 1, 'android-files-1y': 1, 'ff-nothing-lost': 1}
                     {'lost_versions': 0.0, 'conflict_copies': 0.0, 'race_overwrites': 0.0, 'written_MB_per_day': 900.363, 'sent_MB_per_day': 218.608, 'read_MB_per_day': 252.05, 'files': 2.0, 'join_MB': 15.861, 'rows': 33020.5, 'dataset_MB': 7.933, 'single_point_worst': 0.004, 'file_creates_per_day': 0.0, 'p95_delay_min': 11.7}
device-area          {'st-no-conflict-copies': 1, 'st-retired-loser': 1, 'android-files-1y': 1, 'ff-nothing-lost': 1}
                     {'lost_versions': 0.0, 'conflict_copies': 0.0, 'race_overwrites': 0.0, 'written_MB_per_day': 409.631, 'sent_MB_per_day': 123.111, 'read_MB_per_day': 152.632, 'files': 16.0, 'join_MB': 15.861, 'rows': 33019.0, 'dataset_MB': 7.934, 'single_point_worst': 0.004, 'file_creates_per_day': 0.0, 'p95_delay_min': 12.85}
device-row           {'st-no-conflict-copies': 1, 'st-retired-loser': 1, 'android-files-1y': 0, 'ff-nothing-lost': 1}
                     {'lost_versions': 0.0, 'conflict_copies': 0.0, 'race_overwrites': 0.0, 'written_MB_per_day': 0.062, 'sent_MB_per_day': 0.255, 'read_MB_per_day': 0.061, 'files': 66009.5, 'join_MB': 15.989, 'rows': 33012.5, 'dataset_MB': 7.931, 'single_point_worst': 0.004, 'file_creates_per_day': 0.0, 'p95_delay_min': 13.4}
device-log           {'st-no-conflict-copies': 1, 'st-retired-loser': 1, 'android-files-1y': 1, 'ff-nothing-lost': 1}
                     {'lost_versions': 0.0, 'conflict_copies': 0.0, 'race_overwrites': 0.0, 'written_MB_per_day': 13.385, 'sent_MB_per_day': 6.585, 'read_MB_per_day': 0.063, 'files': 6.0, 'join_MB': 16.507, 'rows': 33028.0, 'dataset_MB': 7.936, 'single_point_worst': 0.004, 'file_creates_per_day': 0.6, 'p95_delay_min': 13.4}
device-log+copies    {'st-no-conflict-copies': 1, 'st-retired-loser': 1, 'android-files-1y': 1, 'ff-nothing-lost': 1}
                     {'lost_versions': 0.0, 'conflict_copies': 0.0, 'race_overwrites': 0.0, 'written_MB_per_day': 13.385, 'sent_MB_per_day': 6.585, 'read_MB_per_day': 0.063, 'files': 6.0, 'join_MB': 16.507, 'rows': 33028.0, 'dataset_MB': 7.936, 'single_point_worst': 0.004, 'file_creates_per_day': 0.6, 'p95_delay_min': 13.4}
device-chunks        {'st-no-conflict-copies': 1, 'st-retired-loser': 1, 'android-files-1y': 1, 'ff-nothing-lost': 1}
                     {'lost_versions': 0.0, 'conflict_copies': 0.0, 'race_overwrites': 0.0, 'written_MB_per_day': 13.568, 'sent_MB_per_day': 19.704, 'read_MB_per_day': 10.178, 'files': 42.5, 'join_MB': 15.886, 'rows': 33028.5, 'dataset_MB': 7.936, 'single_point_worst': 0.004, 'file_creates_per_day': 228.65, 'p95_delay_min': 11.65}
device-chunks-own    {'st-no-conflict-copies': 1, 'st-retired-loser': 1, 'android-files-1y': 1, 'ff-nothing-lost': 1}
                     {'lost_versions': 0.0, 'conflict_copies': 0.0, 'race_overwrites': 0.0, 'written_MB_per_day': 8.845, 'sent_MB_per_day': 12.375, 'read_MB_per_day': 6.458, 'files': 42.5, 'join_MB': 7.961, 'rows': 33028.5, 'dataset_MB': 7.936, 'single_point_worst': 1.0, 'file_creates_per_day': 228.65, 'p95_delay_min': 11.65}
device-chunks-area   {'st-no-conflict-copies': 1, 'st-retired-loser': 1, 'android-files-1y': 1, 'ff-nothing-lost': 1}
                     {'lost_versions': 0.0, 'conflict_copies': 0.0, 'race_overwrites': 0.0, 'written_MB_per_day': 13.338, 'sent_MB_per_day': 15.178, 'read_MB_per_day': 10.067, 'files': 56.5, 'join_MB': 15.872, 'rows': 33003.0, 'dataset_MB': 7.929, 'single_point_worst': 0.004, 'file_creates_per_day': 228.65, 'p95_delay_min': 12.85}
cases_exit=0
